127.0.0.1 - - [05/Dec/2018:00:10:25 +0000] "GET /_img/uploads/photo/2018/7d00ea00-8e1a-4c8a-8ed0-c70f29bc3be2.png!large HTTP/1.0" 200 18647 "-" "Googlebot-Image/1.0" 0.001 - .
115.236.50.18 - - [05/Dec/2018:00:10:25 +0000] "GET /cable HTTP/1.1" 404 45 "-" "Mozilla/5.0 (Windows NT 6.1; WOW64) AppleWebKit/537.36 (KHTML, like Gecko) Chrome/70.0.3538.110 Safari/537.36" 0.005 0.005 .
118.198.139.67 - - [05/Dec/2018:00:10:17 +0000] "GET /cable HTTP/1.1" 101 481 "-" "Mozilla/5.0 (Windows NT 10.0; WOW64) AppleWebKit/537.36 (KHTML, like Gecko) Chrome/63.0.3239.132 Safari/537.36" 31.018 31.018 .
115.236.50.18 - - [05/Dec/2018:00:10:25 +0000] "GET /cable HTTP/1.1" 404 45 "-" "Mozilla/5.0 (Windows NT 6.1; WOW64) AppleWebKit/537.36 (KHTML, like Gecko) Chrome/70.0.3538.110 Safari/537.36" 0.004 0.004 .
220.181.51.71 - - [05/Dec/2018:00:10:25 +0000] "GET /topics/7682 HTTP/1.1" 301 5 "-" "Mozilla/5.0 (iPhone; CPU iPhone OS 9_1 like Mac OS X) AppleWebKit/601.1.46 (KHTML, like Gecko) Version/9.0 Mobile/13B143 Safari/601.1" 0.000 0.000 .
66.249.71.14 - - [05/Dec/2018:00:10:21 +0000] "GET /topics/node53?page=527 HTTP/1.1" 200 8309 "-" "Mozilla/5.0 (Linux; Android 6.0.1; Nexus 5X Build/MMB29P) AppleWebKit/537.36 (KHTML, like Gecko) Chrome/41.0.2272.96 Mobile Safari/537.36 (compatible; Googlebot/2.1; +http://www.google.com/bot.html)" 0.055 0.055 .
220.181.51.81 - - [05/Dec/2018:00:10:26 +0000] "GET /topics/7682 HTTP/1.1" 200 13796 "-" "Mozilla/5.0 (iPhone; CPU iPhone OS 9_1 like Mac OS X) AppleWebKit/601.1.46 (KHTML, like Gecko) Version/9.0 Mobile/13B143 Safari/601.1" 0.042 0.042 .
220.181.108.79 - - [05/Dec/2018:00:10:24 +0000] "GET /silent_8/reward HTTP/1.1" 422 711 "-" "Mozilla/5.0 (compatible; Baiduspider/2.0; +http://www.baidu.com/search/spider.html)" 0.018 0.018 .
220.181.108.107 - - [05/Dec/2018:00:10:24 +0000] "GET /jiangbm?locale=zh-TW HTTP/1.1" 200 14453 "-" "Mozilla/5.0 (compatible; Baiduspider/2.0; +http://www.baidu.com/search/spider.html)" 0.037 0.037 .
144.76.81.72 - - [05/Dec/2018:00:10:19 +0000] "GET / HTTP/1.1" 200 10097 "-" "Mozilla/5.0 (compatible; MJ12bot/v1.4.8; http://mj12bot.com/)" 0.075 0.075 .
144.76.81.72 - - [05/Dec/2018:00:10:25 +0000] "GET /topics/5954/replies/58425/edit HTTP/1.1" 302 104 "-" "Mozilla/5.0 (compatible; MJ12bot/v1.4.8; http://mj12bot.com/)" 0.008 0.008 .
110.84.245.219 - - [05/Dec/2018:00:10:26 +0000] "GET /cable HTTP/1.1" 101 789 "-" "Mozilla/5.0 (Macintosh; Intel Mac OS X 10_14_0) AppleWebKit/537.36 (KHTML, like Gecko) Chrome/70.0.3538.102 Safari/537.36" 53.614 53.614 .
127.0.0.1 - - [05/Dec/2018:00:10:27 +0000] "GET /_img/uploads/user/avatar/8943/794f9f.png!md HTTP/1.0" 200 22393 "-" "Mozilla/5.0 (compatible; bingbot/2.0; +http://www.bing.com/bingbot.htm)" 0.012 - .
111.203.244.2 - - [05/Dec/2018:00:10:25 +0000] "GET /cable HTTP/1.1" 101 3829 "-" "Mozilla/5.0 (Macintosh; Intel Mac OS X 10_13_3) AppleWebKit/537.36 (KHTML, like Gecko) Chrome/70.0.3538.110 Safari/537.36" 295.514 295.514 .
40.77.167.22 - - [05/Dec/2018:00:10:27 +0000] "GET /uploads/user/avatar/8943/794f9f.png!md HTTP/1.1" 200 22393 "-" "Mozilla/5.0 (compatible; bingbot/2.0; +http://www.bing.com/bingbot.htm)" 0.012 0.012 .
118.198.139.67 - - [05/Dec/2018:00:10:28 +0000] "GET /cable HTTP/1.1" 101 253 "-" "Mozilla/5.0 (Windows NT 10.0; WOW64) AppleWebKit/537.36 (KHTML, like Gecko) Chrome/63.0.3239.132 Safari/537.36" 5.315 5.315 .
121.34.253.98 - - [05/Dec/2018:00:10:28 +0000] "GET /cable HTTP/1.1" 101 5090 "-" "Mozilla/5.0 (Windows NT 6.1; WOW64) AppleWebKit/537.36 (KHTML, like Gecko) Chrome/68.0.3440.106 Safari/537.36" 194.350 194.350 .
141.8.142.131 - - [05/Dec/2018:00:10:28 +0000] "GET /Saniya/columns HTTP/1.1" 200 4136 "-" "Mozilla/5.0 (compatible; YandexBot/3.0; +http://yandex.com/bots)" 0.033 0.033 .
157.55.39.240 - - [05/Dec/2018:00:10:30 +0000] "GET /photo/2016/87b540612739b0badf537dc2e1ec78cf.png HTTP/1.1" 200 9665 "-" "Mozilla/5.0 (compatible; bingbot/2.0; +http://www.bing.com/bingbot.htm)" 0.052 0.052 .
210.3.169.118 - - [05/Dec/2018:00:10:30 +0000] "GET /cable HTTP/1.1" 101 3521 "-" "Mozilla/5.0 (Macintosh; Intel Mac OS X 10_13_6) AppleWebKit/537.36 (KHTML, like Gecko) Chrome/70.0.3538.110 Safari/537.36" 272.813 272.813 .
220.181.108.90 - - [05/Dec/2018:00:10:31 +0000] "GET /hebinying/following?locale=zh-CN HTTP/1.1" 200 12410 "-" "Mozilla/5.0 (compatible; Baiduspider/2.0; +http://www.baidu.com/search/spider.html)" 0.032 0.032 .
136.243.151.90 - - [05/Dec/2018:00:10:31 +0000] "GET /topics/16766 HTTP/1.1" 200 8911 "-" "Mozilla/5.0 (compatible; BLEXBot/1.0; +http://webmeup-crawler.com/)" 0.155 0.155 .
114.236.190.110 - - [05/Dec/2018:00:10:31 +0000] "GET /cable HTTP/1.1" 101 485 "-" "Mozilla/5.0 (Windows NT 10.0; Win64; x64) AppleWebKit/537.36 (KHTML, like Gecko) Chrome/69.0.3497.100 Safari/537.36" 30.729 30.729 .
46.229.168.147 - - [05/Dec/2018:00:10:32 +0000] "GET /topics/15143/replies/115536/edit HTTP/1.1" 302 100 "-" "Mozilla/5.0 (compatible; SemrushBot/2~bl; +http://www.semrush.com/bot.html)" 0.008 0.008 .
115.236.50.18 - - [05/Dec/2018:00:10:32 +0000] "GET /cable HTTP/1.1" 404 45 "-" "Mozilla/5.0 (Windows NT 6.1; WOW64) AppleWebKit/537.36 (KHTML, like Gecko) Chrome/70.0.3538.110 Safari/537.36" 0.003 0.003 .
157.55.39.240 - - [05/Dec/2018:00:10:31 +0000] "GET /huairen HTTP/1.1" 200 4597 "-" "Mozilla/5.0 (compatible; bingbot/2.0; +http://www.bing.com/bingbot.htm)" 0.035 0.035 .
157.55.39.240 - - [05/Dec/2018:00:10:31 +0000] "GET /topics/16617/replies/124072/edit HTTP/1.1" 302 100 "-" "Mozilla/5.0 (compatible; bingbot/2.0; +http://www.bing.com/bingbot.htm)" 0.009 0.009 .
157.55.39.240 - - [05/Dec/2018:00:10:31 +0000] "GET /rogerleo/replies HTTP/1.1" 200 7045 "-" "Mozilla/5.0 (compatible; bingbot/2.0; +http://www.bing.com/bingbot.htm)" 0.137 0.137 .
157.55.39.240 - - [05/Dec/2018:00:10:31 +0000] "GET /topics/3975 HTTP/1.1" 200 6612 "-" "Mozilla/5.0 (compatible; bingbot/2.0; +http://www.bing.com/bingbot.htm)" 0.068 0.068 .
101.89.64.230 - - [05/Dec/2018:00:10:33 +0000] "GET /cable HTTP/1.1" 404 45 "-" "Mozilla/5.0 (Windows NT 6.1; WOW64) AppleWebKit/537.36 (KHTML, like Gecko) Chrome/49.0.2623.110 Safari/537.36" 0.004 0.004 .
101.89.64.238 - - [05/Dec/2018:00:10:34 +0000] "GET /cable HTTP/1.1" 404 45 "-" "Mozilla/5.0 (Windows NT 6.1; WOW64) AppleWebKit/537.36 (KHTML, like Gecko) Chrome/49.0.2623.110 Safari/537.36" 0.004 0.004 .
46.229.168.137 - - [05/Dec/2018:00:10:35 +0000] "GET / HTTP/1.1" 200 10091 "-" "Mozilla/5.0 (compatible; SemrushBot/2~bl; +http://www.semrush.com/bot.html)" 0.073 0.073 .
111.202.100.96 - - [05/Dec/2018:00:10:35 +0000] "GET /wudi_cool/favorites HTTP/1.1" 200 4233 "-" "Sogou web spider/4.0(+http://www.sogou.com/docs/help/webmasters.htm#07)" 0.031 0.031 .
46.229.168.146 - - [05/Dec/2018:00:10:25 +0000] "GET /blackstone?locale=zh-TW HTTP/1.1" 200 6035 "-" "Mozilla/5.0 (compatible; SemrushBot/2~bl; +http://www.semrush.com/bot.html)" 0.074 0.074 .
136.243.151.90 - - [05/Dec/2018:00:10:37 +0000] "GET /topics/16767 HTTP/1.1" 200 11361 "-" "Mozilla/5.0 (compatible; BLEXBot/1.0; +http://webmeup-crawler.com/)" 0.107 0.107 .
220.181.108.175 - - [05/Dec/2018:00:10:37 +0000] "GET /jiangbm?locale=zh-CN HTTP/1.1" 200 14453 "-" "Mozilla/5.0 (compatible; Baiduspider/2.0; +http://www.baidu.com/search/spider.html)" 0.041 0.041 .
46.229.168.148 - - [05/Dec/2018:00:10:37 +0000] "GET /joke?locale=zh-CN HTTP/1.1" 200 4582 "-" "Mozilla/5.0 (compatible; SemrushBot/2~bl; +http://www.semrush.com/bot.html)" 0.036 0.036 .
216.244.66.241 - - [05/Dec/2018:00:10:38 +0000] "GET /15074844209 HTTP/1.1" 301 5 "-" "Mozilla/5.0 (compatible; DotBot/1.1; http://www.opensiteexplorer.org/dotbot, help@moz.com)" 0.001 0.001 .
121.34.253.98 - - [05/Dec/2018:00:10:29 +0000] "GET /cable HTTP/1.1" 101 2658 "-" "Mozilla/5.0 (Windows NT 6.1; WOW64) AppleWebKit/537.36 (KHTML, like Gecko) Chrome/68.0.3440.106 Safari/537.36" 195.164 195.164 .
151.80.39.117 - - [05/Dec/2018:00:10:38 +0000] "GET /topics/4949/replies/42472/edit HTTP/1.1" 302 100 "-" "Mozilla/5.0 (compatible; AhrefsBot/5.2; +http://ahrefs.com/robot/)" 0.010 0.010 .
139.180.132.174 - - [05/Dec/2018:00:10:38 +0000] "GET /www.gz HTTP/1.1" 404 1264 "-" "Mozilla/5.0 (Macintosh; Intel Mac OS X 10_12_3) AppleWebKit/537.36 (KHTML, like Gecko) Chrome/56.0.2924.87 Safari/537.36" 0.009 0.009 .
216.244.66.241 - - [05/Dec/2018:00:10:39 +0000] "GET /21forever/replies HTTP/1.1" 301 5 "-" "Mozilla/5.0 (compatible; DotBot/1.1; http://www.opensiteexplorer.org/dotbot, help@moz.com)" 0.001 0.001 .
204.141.42.226 - - [05/Dec/2018:00:10:39 +0000] "GET / HTTP/1.1" 301 5 "-" "Site24x7" 0.001 0.001 .
46.229.168.151 - - [05/Dec/2018:00:10:40 +0000] "GET /topics/1538?locale=zh-CN HTTP/1.1" 200 9209 "-" "Mozilla/5.0 (compatible; SemrushBot/2~bl; +http://www.semrush.com/bot.html)" 0.154 0.154 .
216.244.66.241 - - [05/Dec/2018:00:10:40 +0000] "GET /3rdmtsc?locale=zh-CN HTTP/1.1" 301 5 "-" "Mozilla/5.0 (compatible; DotBot/1.1; http://www.opensiteexplorer.org/dotbot, help@moz.com)" 0.002 0.002 .
216.244.66.241 - - [05/Dec/2018:00:10:40 +0000] "GET /404_not_found/replies HTTP/1.1" 301 5 "-" "Mozilla/5.0 (compatible; DotBot/1.1; http://www.opensiteexplorer.org/dotbot, help@moz.com)" 0.001 0.001 .
125.46.24.19 - - [05/Dec/2018:00:10:41 +0000] "GET /cable HTTP/1.1" 101 975 "-" "Mozilla/5.0 (Windows NT 6.1; WOW64; rv:63.0) Gecko/20100101 Firefox/63.0" 68.428 68.428 .
125.46.24.19 - - [05/Dec/2018:00:10:41 +0000] "GET /cable HTTP/1.1" 101 1024 "-" "Mozilla/5.0 (Windows NT 6.1; Win64; x64) AppleWebKit/537.36 (KHTML, like Gecko) Chrome/68.0.3440.106 Safari/537.36" 67.296 67.296 .
136.243.151.90 - - [05/Dec/2018:00:10:41 +0000] "GET /topics/16770 HTTP/1.1" 200 7200 "-" "Mozilla/5.0 (compatible; BLEXBot/1.0; +http://webmeup-crawler.com/)" 0.093 0.093 .
113.88.13.90 - - [05/Dec/2018:00:10:38 +0000] "GET /cable HTTP/1.1" 101 2989 "-" "Mozilla/5.0 (Windows NT 6.1) AppleWebKit/537.36 (KHTML, like Gecko) Chrome/70.0.3538.77 Safari/537.36" 113.911 113.911 .
113.87.161.217 - - [05/Dec/2018:00:10:39 +0000] "GET /cable HTTP/1.1" 101 2989 "-" "Mozilla/5.0 (Windows NT 6.1; Win64; x64) AppleWebKit/537.36 (KHTML, like Gecko) Chrome/67.0.3396.62 Safari/537.36" 113.843 113.843 .
216.244.66.241 - - [05/Dec/2018:00:10:41 +0000] "GET /568014486 HTTP/1.1" 301 5 "-" "Mozilla/5.0 (compatible; DotBot/1.1; http://www.opensiteexplorer.org/dotbot, help@moz.com)" 0.001 0.001 .
216.244.66.241 - - [05/Dec/2018:00:10:41 +0000] "GET /5shuai/columns HTTP/1.1" 301 5 "-" "Mozilla/5.0 (compatible; DotBot/1.1; http://www.opensiteexplorer.org/dotbot, help@moz.com)" 0.001 0.001 .
216.244.66.241 - - [05/Dec/2018:00:10:42 +0000] "GET /5shuai/topics HTTP/1.1" 301 5 "-" "Mozilla/5.0 (compatible; DotBot/1.1; http://www.opensiteexplorer.org/dotbot, help@moz.com)" 0.002 0.002 .
157.55.39.240 - - [05/Dec/2018:00:10:42 +0000] "GET /topics/8168/replies/75912/edit HTTP/1.1" 302 100 "-" "Mozilla/5.0 (compatible; bingbot/2.0; +http://www.bing.com/bingbot.htm)" 0.011 0.011 .
46.229.168.140 - - [05/Dec/2018:00:10:29 +0000] "GET /topics/1713?locale=zh-TW HTTP/1.1" 200 12374 "-" "Mozilla/5.0 (compatible; SemrushBot/2~bl; +http://www.semrush.com/bot.html)" 0.179 0.179 .
121.8.148.106 - - [05/Dec/2018:00:10:29 +0000] "GET /cable HTTP/1.1" 101 20 "-" "Mozilla/5.0 (Macintosh; Intel Mac OS X 10_12_6) AppleWebKit/537.36 (KHTML, like Gecko) Chrome/69.0.3497.100 Safari/537.36" 0.033 0.033 .
216.244.66.241 - - [05/Dec/2018:00:10:42 +0000] "GET /672010021/following HTTP/1.1" 301 5 "-" "Mozilla/5.0 (compatible; DotBot/1.1; http://www.opensiteexplorer.org/dotbot, help@moz.com)" 0.001 0.001 .
157.55.39.240 - - [05/Dec/2018:00:10:42 +0000] "GET /topics/7657/replies/69275/edit HTTP/1.1" 302 100 "-" "Mozilla/5.0 (compatible; bingbot/2.0; +http://www.bing.com/bingbot.htm)" 0.008 0.008 .
46.229.168.148 - - [05/Dec/2018:00:10:42 +0000] "GET /topics/4392 HTTP/1.1" 200 6695 "-" "Mozilla/5.0 (compatible; SemrushBot/2~bl; +http://www.semrush.com/bot.html)" 0.068 0.068 .
216.244.66.241 - - [05/Dec/2018:00:10:42 +0000] "GET /843633513?locale=zh-TW HTTP/1.1" 301 5 "-" "Mozilla/5.0 (compatible; DotBot/1.1; http://www.opensiteexplorer.org/dotbot, help@moz.com)" 0.001 0.001 .
141.8.142.131 - - [05/Dec/2018:00:10:41 +0000] "GET /icecc/following HTTP/1.1" 200 4164 "-" "Mozilla/5.0 (compatible; YandexBot/3.0; +http://yandex.com/bots)" 0.133 0.133 .
216.244.66.241 - - [05/Dec/2018:00:10:43 +0000] "GET /93wangxiaojie/following HTTP/1.1" 301 5 "-" "Mozilla/5.0 (compatible; DotBot/1.1; http://www.opensiteexplorer.org/dotbot, help@moz.com)" 0.001 0.001 .
216.244.66.241 - - [05/Dec/2018:00:10:43 +0000] "GET /AirFisher HTTP/1.1" 301 5 "-" "Mozilla/5.0 (compatible; DotBot/1.1; http://www.opensiteexplorer.org/dotbot, help@moz.com)" 0.001 0.001 .
54.36.148.133 - - [05/Dec/2018:00:10:40 +0000] "GET /carl/favorites?page=2 HTTP/1.1" 200 6532 "-" "Mozilla/5.0 (compatible; AhrefsBot/5.2; +http://ahrefs.com/robot/)" 0.048 0.048 .
144.76.81.72 - - [05/Dec/2018:00:10:40 +0000] "GET / HTTP/1.1" 200 10090 "-" "Mozilla/5.0 (compatible; MJ12bot/v1.4.8; http://mj12bot.com/)" 0.073 0.073 .
144.76.81.72 - - [05/Dec/2018:00:10:43 +0000] "GET /topics/5954/show_wechat HTTP/1.1" 200 1602 "-" "Mozilla/5.0 (compatible; MJ12bot/v1.4.8; http://mj12bot.com/)" 0.012 0.012 .
216.244.66.241 - - [05/Dec/2018:00:10:43 +0000] "GET /Arya/followers HTTP/1.1" 301 5 "-" "Mozilla/5.0 (compatible; DotBot/1.1; http://www.opensiteexplorer.org/dotbot, help@moz.com)" 0.001 0.001 .
216.244.66.241 - - [05/Dec/2018:00:10:39 +0000] "GET /306320275tzh HTTP/1.1" 301 5 "-" "Mozilla/5.0 (compatible; DotBot/1.1; http://www.opensiteexplorer.org/dotbot, help@moz.com)" 0.001 0.001 .
127.0.0.1 - - [05/Dec/2018:00:10:44 +0000] "GET /_img/uploads/photo/2017/43e768b6e6ee1ea1aa9e6ebde8e62cb1.png!large HTTP/1.0" 200 86649 "-" "Mozilla/5.0 (compatible; bingbot/2.0; +http://www.bing.com/bingbot.htm)" 0.006 - .
216.244.66.241 - - [05/Dec/2018:00:10:44 +0000] "GET /CC-q HTTP/1.1" 301 5 "-" "Mozilla/5.0 (compatible; DotBot/1.1; http://www.opensiteexplorer.org/dotbot, help@moz.com)" 0.063 0.063 .
216.244.66.241 - - [05/Dec/2018:00:10:44 +0000] "GET /Caribbean HTTP/1.1" 301 5 "-" "Mozilla/5.0 (compatible; DotBot/1.1; http://www.opensiteexplorer.org/dotbot, help@moz.com)" 0.002 0.002 .
40.77.167.60 - - [05/Dec/2018:00:10:45 +0000] "GET /uploads/photo/2017/43e768b6e6ee1ea1aa9e6ebde8e62cb1.png!large HTTP/1.1" 200 86649 "-" "Mozilla/5.0 (compatible; bingbot/2.0; +http://www.bing.com/bingbot.htm)" 1.070 0.006 .
216.244.66.241 - - [05/Dec/2018:00:10:45 +0000] "GET /Champions007 HTTP/1.1" 301 5 "-" "Mozilla/5.0 (compatible; DotBot/1.1; http://www.opensiteexplorer.org/dotbot, help@moz.com)" 0.001 0.001 .
216.244.66.241 - - [05/Dec/2018:00:10:45 +0000] "GET /Cononico/favorites HTTP/1.1" 301 5 "-" "Mozilla/5.0 (compatible; DotBot/1.1; http://www.opensiteexplorer.org/dotbot, help@moz.com)" 0.001 0.001 .
136.243.151.90 - - [05/Dec/2018:00:10:45 +0000] "GET /topics/16771 HTTP/1.1" 200 9326 "-" "Mozilla/5.0 (compatible; BLEXBot/1.0; +http://webmeup-crawler.com/)" 0.265 0.265 .
216.244.66.241 - - [05/Dec/2018:00:10:45 +0000] "GET /CucumberOptions HTTP/1.1" 301 5 "-" "Mozilla/5.0 (compatible; DotBot/1.1; http://www.opensiteexplorer.org/dotbot, help@moz.com)" 0.001 0.001 .
220.181.51.73 - - [05/Dec/2018:00:10:45 +0000] "GET / HTTP/1.1" 200 46298 "-" "Mozilla/5.0 (iPhone; CPU iPhone OS 9_1 like Mac OS X) AppleWebKit/601.1.46 (KHTML, like Gecko) Version/9.0 Mobile/13B143 Safari/601.1" 0.223 0.186 .
157.55.39.240 - - [05/Dec/2018:00:10:42 +0000] "GET /topics/631/show_wechat HTTP/1.1" 304 0 "-" "Mozilla/5.0 (compatible; bingbot/2.0; +http://www.bing.com/bingbot.htm)" 0.018 0.018 .
157.55.39.240 - - [05/Dec/2018:00:10:43 +0000] "GET /topics/6945/replies/62131/edit HTTP/1.1" 302 100 "-" "Mozilla/5.0 (compatible; bingbot/2.0; +http://www.bing.com/bingbot.htm)" 0.011 0.011 .
157.55.39.240 - - [05/Dec/2018:00:10:43 +0000] "GET /topics/4987/replies/42968/reply_suggest HTTP/1.1" 404 3529 "-" "Mozilla/5.0 (compatible; bingbot/2.0; +http://www.bing.com/bingbot.htm)" 0.014 0.014 .
216.244.66.241 - - [05/Dec/2018:00:10:46 +0000] "GET /Dapangpang/topics HTTP/1.1" 301 5 "-" "Mozilla/5.0 (compatible; DotBot/1.1; http://www.opensiteexplorer.org/dotbot, help@moz.com)" 0.000 0.000 .
216.244.66.241 - - [05/Dec/2018:00:10:46 +0000] "GET /rfeng1016/favorites HTTP/1.1" 200 22489 "-" "Mozilla/5.0 (compatible; DotBot/1.1; http://www.opensiteexplorer.org/dotbot, help@moz.com)" 0.054 0.054 .
216.244.66.241 - - [05/Dec/2018:00:10:46 +0000] "GET /Dust23 HTTP/1.1" 301 5 "-" "Mozilla/5.0 (compatible; DotBot/1.1; http://www.opensiteexplorer.org/dotbot, help@moz.com)" 0.002 0.002 .
216.244.66.241 - - [05/Dec/2018:00:10:46 +0000] "GET /Dynasty_Qin/replies?locale=en HTTP/1.1" 301 5 "-" "Mozilla/5.0 (compatible; DotBot/1.1; http://www.opensiteexplorer.org/dotbot, help@moz.com)" 0.002 0.002 .
216.244.66.241 - - [05/Dec/2018:00:10:47 +0000] "GET /EatMango/columns HTTP/1.1" 301 5 "-" "Mozilla/5.0 (compatible; DotBot/1.1; http://www.opensiteexplorer.org/dotbot, help@moz.com)" 0.000 0.000 .
223.100.135.61 - - [05/Dec/2018:00:10:47 +0000] "GET /weixin.jpg HTTP/1.1" 200 27816 "https://www.cnblogs.com/" "Mozilla/5.0 (Windows NT 10.0; WOW64) AppleWebKit/537.36 (KHTML, like Gecko) Chrome/70.0.3538.110 Safari/537.36" 0.001 0.001 .
216.244.66.241 - - [05/Dec/2018:00:10:47 +0000] "GET /Gray?locale=en HTTP/1.1" 301 5 "-" "Mozilla/5.0 (compatible; DotBot/1.1; http://www.opensiteexplorer.org/dotbot, help@moz.com)" 0.001 0.001 .
216.244.66.241 - - [05/Dec/2018:00:10:48 +0000] "GET /Jackychen/replies HTTP/1.1" 301 5 "-" "Mozilla/5.0 (compatible; DotBot/1.1; http://www.opensiteexplorer.org/dotbot, help@moz.com)" 0.001 0.001 .
216.244.66.241 - - [05/Dec/2018:00:10:49 +0000] "GET /Jason93 HTTP/1.1" 301 5 "-" "Mozilla/5.0 (compatible; DotBot/1.1; http://www.opensiteexplorer.org/dotbot, help@moz.com)" 0.001 0.001 .
40.77.167.1 - - [05/Dec/2018:00:10:49 +0000] "GET /topics/639 HTTP/1.1" 200 4845 "-" "Mozilla/5.0 (iPhone; CPU iPhone OS 7_0 like Mac OS X) AppleWebKit/537.51.1 (KHTML, like Gecko) Version/7.0 Mobile/11A465 Safari/9537.53 (compatible; bingbot/2.0; +http://www.bing.com/bingbot.htm)" 0.098 0.098 .
216.244.66.241 - - [05/Dec/2018:00:10:49 +0000] "GET /JennyLi90 HTTP/1.1" 301 5 "-" "Mozilla/5.0 (compatible; DotBot/1.1; http://www.opensiteexplorer.org/dotbot, help@moz.com)" 0.002 0.002 .
144.76.81.72 - - [05/Dec/2018:00:10:49 +0000] "GET /topics/6027/replies/52984/edit HTTP/1.1" 302 104 "-" "Mozilla/5.0 (compatible; MJ12bot/v1.4.8; http://mj12bot.com/)" 0.010 0.010 .
216.244.66.241 - - [05/Dec/2018:00:10:49 +0000] "GET /LifeTime/following HTTP/1.1" 301 5 "-" "Mozilla/5.0 (compatible; DotBot/1.1; http://www.opensiteexplorer.org/dotbot, help@moz.com)" 0.001 0.001 .
216.244.66.241 - - [05/Dec/2018:00:10:50 +0000] "GET /MaxGuo/following HTTP/1.1" 301 5 "-" "Mozilla/5.0 (compatible; DotBot/1.1; http://www.opensiteexplorer.org/dotbot, help@moz.com)" 0.000 0.000 .
151.80.39.109 - - [05/Dec/2018:00:10:50 +0000] "GET /topics/670/replies/3710/edit HTTP/1.1" 302 100 "-" "Mozilla/5.0 (compatible; AhrefsBot/5.2; +http://ahrefs.com/robot/)" 0.011 0.011 .
40.77.167.1 - - [05/Dec/2018:00:10:50 +0000] "GET /topics/8407 HTTP/1.1" 200 6083 "-" "Mozilla/5.0 (compatible; bingbot/2.0; +http://www.bing.com/bingbot.htm)" 0.065 0.065 .
139.180.132.174 - - [05/Dec/2018:00:10:50 +0000] "GET /www.sql.gz HTTP/1.1" 404 1264 "-" "Mozilla/5.0 (Macintosh; Intel Mac OS X 10_12_3) AppleWebKit/537.36 (KHTML, like Gecko) Chrome/56.0.2924.87 Safari/537.36" 0.012 0.012 .
216.244.66.241 - - [05/Dec/2018:00:10:50 +0000] "GET /Nate/replies HTTP/1.1" 301 5 "-" "Mozilla/5.0 (compatible; DotBot/1.1; http://www.opensiteexplorer.org/dotbot, help@moz.com)" 0.002 0.002 .
216.244.66.241 - - [05/Dec/2018:00:10:50 +0000] "GET /Nora?locale=zh-TW HTTP/1.1" 301 5 "-" "Mozilla/5.0 (compatible; DotBot/1.1; http://www.opensiteexplorer.org/dotbot, help@moz.com)" 0.001 0.001 .
216.244.66.241 - - [05/Dec/2018:00:10:51 +0000] "GET /SamuelZhaoY?locale=zh-CN HTTP/1.1" 301 5 "-" "Mozilla/5.0 (compatible; DotBot/1.1; http://www.opensiteexplorer.org/dotbot, help@moz.com)" 0.001 0.001 .
216.244.66.241 - - [05/Dec/2018:00:10:51 +0000] "GET /Star-test/people HTTP/1.1" 301 5 "-" "Mozilla/5.0 (compatible; DotBot/1.1; http://www.opensiteexplorer.org/dotbot, help@moz.com)" 0.001 0.001 .
61.135.169.81 - - [05/Dec/2018:00:10:49 +0000] "GET /cable HTTP/1.1" 101 9377 "-" "Mozilla/5.0 (Macintosh; Intel Mac OS X 10_12_6) AppleWebKit/537.36 (KHTML, like Gecko) Chrome/70.0.3538.110 Safari/537.36" 365.797 365.797 .
216.244.66.241 - - [05/Dec/2018:00:10:51 +0000] "GET /Vence/replies HTTP/1.1" 301 5 "-" "Mozilla/5.0 (compatible; DotBot/1.1; http://www.opensiteexplorer.org/dotbot, help@moz.com)" 0.002 0.002 .
61.216.142.121 - - [05/Dec/2018:00:10:52 +0000] "GET /cable HTTP/1.1" 404 24 "-" "Mozilla/5.0 (Windows NT 10.0; WOW64; Trident/7.0; rv:11.0) like Gecko" 0.002 0.002 .
216.244.66.241 - - [05/Dec/2018:00:10:52 +0000] "GET /WangXuanye HTTP/1.1" 301 5 "-" "Mozilla/5.0 (compatible; DotBot/1.1; http://www.opensiteexplorer.org/dotbot, help@moz.com)" 0.000 0.000 .
216.244.66.241 - - [05/Dec/2018:00:10:51 +0000] "GET /Thor/followers?locale=zh-TW HTTP/1.1" 301 5 "-" "Mozilla/5.0 (compatible; DotBot/1.1; http://www.opensiteexplorer.org/dotbot, help@moz.com)" 0.000 0.000 .
216.244.66.241 - - [05/Dec/2018:00:10:53 +0000] "GET /abbysongjia?locale=zh-CN HTTP/1.1" 301 5 "-" "Mozilla/5.0 (compatible; DotBot/1.1; http://www.opensiteexplorer.org/dotbot, help@moz.com)" 0.001 0.001 .
123.125.71.90 - - [05/Dec/2018:00:10:50 +0000] "GET /topics/13162/*&%5E%25$ HTTP/1.1" 404 2460 "-" "Mozilla/5.0 (Linux;u;Android 4.2.2;zh-cn;) AppleWebKit/534.46 (KHTML,like Gecko) Version/5.1 Mobile Safari/10600.6.3 (compatible; Baiduspider/2.0; +http://www.baidu.com/search/spider.html)" 0.016 0.016 .
40.77.167.1 - - [05/Dec/2018:00:10:51 +0000] "GET /topics/5808/replies/50904/reply_suggest HTTP/1.1" 404 3534 "-" "Mozilla/5.0 (compatible; bingbot/2.0; +http://www.bing.com/bingbot.htm)" 0.140 0.140 .
40.77.167.1 - - [05/Dec/2018:00:10:52 +0000] "GET /topics/4032/show_wechat HTTP/1.1" 200 3923 "-" "Mozilla/5.0 (compatible; bingbot/2.0; +http://www.bing.com/bingbot.htm)" 0.089 0.089 .
40.77.167.1 - - [05/Dec/2018:00:10:53 +0000] "GET /topics/7778/show_wechat HTTP/1.1" 200 3759 "-" "Mozilla/5.0 (compatible; bingbot/2.0; +http://www.bing.com/bingbot.htm)" 0.105 0.105 .
219.135.155.75 - - [05/Dec/2018:00:10:48 +0000] "GET /cable HTTP/1.1" 101 1028 "-" "Mozilla/5.0 (Macintosh; Intel Mac OS X 10_13_6) AppleWebKit/537.36 (KHTML, like Gecko) Chrome/70.0.3538.110 Safari/537.36" 67.726 67.726 .
27.18.103.204 - - [05/Dec/2018:00:10:52 +0000] "GET /cable HTTP/1.1" 101 19785 "-" "Mozilla/5.0 (Macintosh; Intel Mac OS X 10_13_2) AppleWebKit/537.36 (KHTML, like Gecko) Chrome/70.0.3538.102 Safari/537.36" 998.841 998.841 .
216.244.66.241 - - [05/Dec/2018:00:10:54 +0000] "GET /blueshark/following HTTP/1.1" 301 5 "-" "Mozilla/5.0 (compatible; DotBot/1.1; http://www.opensiteexplorer.org/dotbot, help@moz.com)" 0.002 0.002 .
216.244.66.241 - - [05/Dec/2018:00:10:55 +0000] "GET /bookjoy HTTP/1.1" 301 5 "-" "Mozilla/5.0 (compatible; DotBot/1.1; http://www.opensiteexplorer.org/dotbot, help@moz.com)" 0.003 0.003 .
216.244.66.241 - - [05/Dec/2018:00:10:55 +0000] "GET /books?locale=zh-TW HTTP/1.1" 301 5 "-" "Mozilla/5.0 (compatible; DotBot/1.1; http://www.opensiteexplorer.org/dotbot, help@moz.com)" 0.001 0.001 .
216.244.66.241 - - [05/Dec/2018:00:10:48 +0000] "GET /HeartBeat/topics HTTP/1.1" 301 5 "-" "Mozilla/5.0 (compatible; DotBot/1.1; http://www.opensiteexplorer.org/dotbot, help@moz.com)" 0.001 0.001 .
216.244.66.241 - - [05/Dec/2018:00:10:48 +0000] "GET /JWL HTTP/1.1" 301 5 "-" "Mozilla/5.0 (compatible; DotBot/1.1; http://www.opensiteexplorer.org/dotbot, help@moz.com)" 0.000 0.000 .
116.25.42.125 - - [05/Dec/2018:00:10:52 +0000] "GET /cable HTTP/1.1" 101 2499 "-" "Mozilla/5.0 (Macintosh; Intel Mac OS X 10_13_6) AppleWebKit/537.36 (KHTML, like Gecko) Chrome/72.0.3622.0 Safari/537.36" 94.684 94.684 .
216.244.66.241 - - [05/Dec/2018:00:10:55 +0000] "GET /buzi?locale=zh-TW HTTP/1.1" 301 5 "-" "Mozilla/5.0 (compatible; DotBot/1.1; http://www.opensiteexplorer.org/dotbot, help@moz.com)" 0.001 0.001 .
115.236.50.18 - - [05/Dec/2018:00:10:56 +0000] "GET /cable HTTP/1.1" 404 45 "-" "Mozilla/5.0 (Windows NT 6.1; WOW64) AppleWebKit/537.36 (KHTML, like Gecko) Chrome/70.0.3538.110 Safari/537.36" 0.004 0.004 .
216.244.66.241 - - [05/Dec/2018:00:10:56 +0000] "GET /caibird007-github/favorites HTTP/1.1" 301 5 "-" "Mozilla/5.0 (compatible; DotBot/1.1; http://www.opensiteexplorer.org/dotbot, help@moz.com)" 0.000 0.000 .
216.244.66.241 - - [05/Dec/2018:00:10:56 +0000] "GET /caidiebuku HTTP/1.1" 301 5 "-" "Mozilla/5.0 (compatible; DotBot/1.1; http://www.opensiteexplorer.org/dotbot, help@moz.com)" 0.001 0.001 .
115.236.50.18 - - [05/Dec/2018:00:10:56 +0000] "GET /cable HTTP/1.1" 404 45 "-" "Mozilla/5.0 (Windows NT 6.1; WOW64) AppleWebKit/537.36 (KHTML, like Gecko) Chrome/70.0.3538.110 Safari/537.36" 0.003 0.003 .
216.244.66.241 - - [05/Dec/2018:00:10:56 +0000] "GET /cairuichun/favorites HTTP/1.1" 301 5 "-" "Mozilla/5.0 (compatible; DotBot/1.1; http://www.opensiteexplorer.org/dotbot, help@moz.com)" 0.002 0.002 .
122.238.163.134 - - [05/Dec/2018:00:10:57 +0000] "GET /topics/12394 HTTP/1.1" 200 12896 "https://www.baidu.com/link?url=7PUVFDiLCV3hAn8X7X21975BI9E_dg0MYJVRoxsrRjB-UsOBnbLQrKr7O8nwndyh&wd=&eqid=ced4c54000015863000000045c05e484" "Mozilla/5.0 (Windows NT 10.0; WOW64) AppleWebKit/537.36 (KHTML, like Gecko) Chrome/63.0.3239.132 Safari/537.36" 0.265 0.265 .
216.244.66.241 - - [05/Dec/2018:00:10:57 +0000] "GET /carming_fung?locale=en HTTP/1.1" 301 5 "-" "Mozilla/5.0 (compatible; DotBot/1.1; http://www.opensiteexplorer.org/dotbot, help@moz.com)" 0.001 0.001 .
216.244.66.241 - - [05/Dec/2018:00:10:54 +0000] "GET /basemore/favorites?locale=zh-CN HTTP/1.1" 301 5 "-" "Mozilla/5.0 (compatible; DotBot/1.1; http://www.opensiteexplorer.org/dotbot, help@moz.com)" 0.001 0.001 .
42.236.196.243 - - [05/Dec/2018:00:10:57 +0000] "GET /topics/16722 HTTP/1.1" 200 4795 "https://m.baidu.com/from=1001703y/bd_page_type=1/ssid=0/uid=0/pu=usm%401%2Csz%40320_1001%2Cta%40iphone_2_6.0_18_4.8/baiduid=933648C15BEB1CFD01D27B2116B829BA/w=0_10_/t=iphone/l=1/tc?ref=www_iphone&lid=11596911909502558325&order=2&fm=alop&extra=hwj_normal&isAtom=1&is_baidu=0&dict=-1&tj=www_normal_2_0_10_l2&wd=&eqid=a0f081f04965a000100000055c071789&w_qd=IlPT2AEptyoA_ykzxfYot435AC2PbHgbryMYjPfVrw9sKB7&tcplug=1&sec=34680&di=049aed5129b8558e&bdenc=1&tch=124.0.103.485.0.0&nsrc=IlPT2AEptyoA_yixCFOxCGZb8c3JV3T5AA_YRjpVAD_6oEjte4viZQRAVjzfKXiJZpPPdTTNsxq&clk_type=1&vit=osres&l=1&baiduid=933648C15BEB1CFD01D27B2116B829BA&w=0_10_%E6%8A%96%E9%9F%B3%E8%AF%84%E8%AE%BA%E9%99%90%E5%88%B6%E5%AD%97%E6%95%B0&t=iphone&from=1001703y&ssid=0&uid=0&bd_page_type=1&pu=usm%401%2Csz%40320_1001%2Cta%40iphone_2_6.0_18_4.8&clk_info=%7B%22srcid%22%3A1599%2C%22tplname%22%3A%22www_normal%22%2C%22t%22%3A1543968656023%2C%22xpath%22%3A%22div-article-section-div3-div-a-span%22%7D" "Mozilla/5.0 (Linux; U; Android 6.0.1; zh-cn; OPPO A57 Build/MMB29M) AppleWebKit/537.36 (KHTML, like Gecko) Version/4.0 Chrome/53.0.2785.134 Mobile Safari/537.36 OppoBrowser/4.8.4" 0.034 0.034 .
112.97.55.103 - - [05/Dec/2018:00:10:56 +0000] "GET /account/sign_in HTTP/2.0" 200 4067 "-" "Mozilla/5.0 (iPhone; CPU iPhone OS 12_0 like Mac OS X) AppleWebKit/605.1.15 (KHTML, like Gecko) Mobile/16A366 MicroMessenger/6.7.3(0x16070321) NetType/4G Language/zh_CN" 0.017 0.017 .
216.244.66.241 - - [05/Dec/2018:00:10:58 +0000] "GET /chargefeel/replies HTTP/1.1" 301 5 "-" "Mozilla/5.0 (compatible; DotBot/1.1; http://www.opensiteexplorer.org/dotbot, help@moz.com)" 0.001 0.001 .
216.244.66.241 - - [05/Dec/2018:00:10:58 +0000] "GET /charles_joker_lee/favorites HTTP/1.1" 301 5 "-" "Mozilla/5.0 (compatible; DotBot/1.1; http://www.opensiteexplorer.org/dotbot, help@moz.com)" 0.001 0.001 .
216.244.66.241 - - [05/Dec/2018:00:10:58 +0000] "GET /chengeqiu HTTP/1.1" 301 5 "-" "Mozilla/5.0 (compatible; DotBot/1.1; http://www.opensiteexplorer.org/dotbot, help@moz.com)" 0.001 0.001 .
216.244.66.241 - - [05/Dec/2018:00:10:58 +0000] "GET /cherrycumtb HTTP/1.1" 301 5 "-" "Mozilla/5.0 (compatible; DotBot/1.1; http://www.opensiteexplorer.org/dotbot, help@moz.com)" 0.001 0.001 .
216.244.66.241 - - [05/Dec/2018:00:10:59 +0000] "GET /cnritng HTTP/1.1" 301 5 "-" "Mozilla/5.0 (compatible; DotBot/1.1; http://www.opensiteexplorer.org/dotbot, help@moz.com)" 0.001 0.001 .
216.244.66.241 - - [05/Dec/2018:00:10:59 +0000] "GET /cruiselijq HTTP/1.1" 301 5 "-" "Mozilla/5.0 (compatible; DotBot/1.1; http://www.opensiteexplorer.org/dotbot, help@moz.com)" 0.001 0.001 .
216.244.66.241 - - [05/Dec/2018:00:11:00 +0000] "GET /csm123 HTTP/1.1" 301 5 "-" "Mozilla/5.0 (compatible; DotBot/1.1; http://www.opensiteexplorer.org/dotbot, help@moz.com)" 0.000 0.000 .
40.77.167.1 - - [05/Dec/2018:00:10:54 +0000] "GET /topics/5253/replies/45334/reply_suggest HTTP/1.1" 404 3529 "-" "Mozilla/5.0 (compatible; bingbot/2.0; +http://www.bing.com/bingbot.htm)" 0.013 0.013 .
40.77.167.1 - - [05/Dec/2018:00:10:54 +0000] "GET /topics/7289/replies/65106/reply_suggest HTTP/1.1" 404 3537 "-" "Mozilla/5.0 (compatible; bingbot/2.0; +http://www.bing.com/bingbot.htm)" 0.013 0.013 .
216.244.66.241 - - [05/Dec/2018:00:11:01 +0000] "GET /delete31/replies?locale=zh-CN HTTP/1.1" 301 5 "-" "Mozilla/5.0 (compatible; DotBot/1.1; http://www.opensiteexplorer.org/dotbot, help@moz.com)" 0.003 0.003 .
216.244.66.241 - - [05/Dec/2018:00:11:01 +0000] "GET /dfbxc HTTP/1.1" 301 5 "-" "Mozilla/5.0 (compatible; DotBot/1.1; http://www.opensiteexplorer.org/dotbot, help@moz.com)" 0.001 0.001 .
216.244.66.241 - - [05/Dec/2018:00:10:57 +0000] "GET /cep?locale=en HTTP/1.1" 301 5 "-" "Mozilla/5.0 (compatible; DotBot/1.1; http://www.opensiteexplorer.org/dotbot, help@moz.com)" 0.001 0.001 .
216.244.66.241 - - [05/Dec/2018:00:11:02 +0000] "GET /dingdingdangdang HTTP/1.1" 301 5 "-" "Mozilla/5.0 (compatible; DotBot/1.1; http://www.opensiteexplorer.org/dotbot, help@moz.com)" 0.001 0.001 .
216.244.66.241 - - [05/Dec/2018:00:11:02 +0000] "GET /docs/cn/README.cn.md HTTP/1.1" 301 5 "-" "Mozilla/5.0 (compatible; DotBot/1.1; http://www.opensiteexplorer.org/dotbot, help@moz.com)" 0.001 0.001 .
101.89.64.230 - - [05/Dec/2018:00:11:03 +0000] "GET /cable HTTP/1.1" 404 45 "-" "Mozilla/5.0 (Windows NT 6.1; WOW64) AppleWebKit/537.36 (KHTML, like Gecko) Chrome/49.0.2623.110 Safari/537.36" 0.004 0.004 .
216.244.66.241 - - [05/Dec/2018:00:11:03 +0000] "GET /enumerate?locale=zh-TW HTTP/1.1" 301 5 "-" "Mozilla/5.0 (compatible; DotBot/1.1; http://www.opensiteexplorer.org/dotbot, help@moz.com)" 0.001 0.001 .
178.154.171.86 - - [05/Dec/2018:00:11:03 +0000] "GET /f896192765/columns HTTP/1.1" 200 4107 "-" "Mozilla/5.0 (compatible; YandexBot/3.0; +http://yandex.com/bots)" 0.031 0.031 .
216.244.66.241 - - [05/Dec/2018:00:11:03 +0000] "GET /eonianstar HTTP/1.1" 301 5 "-" "Mozilla/5.0 (compatible; DotBot/1.1; http://www.opensiteexplorer.org/dotbot, help@moz.com)" 0.000 0.000 .
136.243.151.90 - - [05/Dec/2018:00:10:52 +0000] "GET /topics/16772 HTTP/1.1" 200 6634 "-" "Mozilla/5.0 (compatible; BLEXBot/1.0; +http://webmeup-crawler.com/)" 0.133 0.133 .
136.243.151.90 - - [05/Dec/2018:00:10:56 +0000] "GET /topics/16773 HTTP/1.1" 200 12589 "-" "Mozilla/5.0 (compatible; BLEXBot/1.0; +http://webmeup-crawler.com/)" 0.102 0.102 .
117.136.5.21 - - [05/Dec/2018:00:11:00 +0000] "GET /cable HTTP/1.1" 101 1317 "-" "Mozilla/5.0 (Linux; Android 8.1.0; OE106 Build/OPM1.171019.026) AppleWebKit/537.36 (KHTML, like Gecko) Chrome/62.0.3202.84 Mobile Safari/537.36" 98.798 98.798 .
216.244.66.241 - - [05/Dec/2018:00:11:00 +0000] "GET /cyferis/topics HTTP/1.1" 301 5 "-" "Mozilla/5.0 (compatible; DotBot/1.1; http://www.opensiteexplorer.org/dotbot, help@moz.com)" 0.115 0.115 .
136.243.151.90 - - [05/Dec/2018:00:11:01 +0000] "GET /topics/16774 HTTP/1.1" 200 8087 "-" "Mozilla/5.0 (compatible; BLEXBot/1.0; +http://webmeup-crawler.com/)" 0.494 0.494 .
216.244.66.241 - - [05/Dec/2018:00:11:04 +0000] "GET /fireln/following?locale=zh-TW HTTP/1.1" 301 5 "-" "Mozilla/5.0 (compatible; DotBot/1.1; http://www.opensiteexplorer.org/dotbot, help@moz.com)" 0.002 0.002 .
54.36.149.0 - - [05/Dec/2018:00:11:04 +0000] "GET /xingmao_di/topics HTTP/1.1" 200 4281 "-" "Mozilla/5.0 (compatible; AhrefsBot/5.2; +http://ahrefs.com/robot/)" 0.036 0.036 .
216.244.66.241 - - [05/Dec/2018:00:11:04 +0000] "GET /frenlan?locale=zh-TW HTTP/1.1" 301 5 "-" "Mozilla/5.0 (compatible; DotBot/1.1; http://www.opensiteexplorer.org/dotbot, help@moz.com)" 0.001 0.001 .
66.249.71.14 - - [05/Dec/2018:00:11:04 +0000] "GET /topics/node31/recent HTTP/1.1" 200 11858 "-" "Mozilla/5.0 (Linux; Android 6.0.1; Nexus 5X Build/MMB29P) AppleWebKit/537.36 (KHTML, like Gecko) Chrome/41.0.2272.96 Mobile Safari/537.36 (compatible; Googlebot/2.1; +http://www.google.com/bot.html)" 0.082 0.082 .
216.244.66.241 - - [05/Dec/2018:00:11:04 +0000] "GET /fresh/replies HTTP/1.1" 301 5 "-" "Mozilla/5.0 (compatible; DotBot/1.1; http://www.opensiteexplorer.org/dotbot, help@moz.com)" 0.000 0.000 .
101.89.64.238 - - [05/Dec/2018:00:11:04 +0000] "GET /cable HTTP/1.1" 404 45 "-" "Mozilla/5.0 (Windows NT 6.1; WOW64) AppleWebKit/537.36 (KHTML, like Gecko) Chrome/49.0.2623.110 Safari/537.36" 0.002 0.002 .
216.244.66.241 - - [05/Dec/2018:00:11:05 +0000] "GET /garyhuang HTTP/1.1" 301 5 "-" "Mozilla/5.0 (compatible; DotBot/1.1; http://www.opensiteexplorer.org/dotbot, help@moz.com)" 0.001 0.001 .
216.244.66.241 - - [05/Dec/2018:00:11:01 +0000] "GET /dh_shave/favorites HTTP/1.1" 301 5 "-" "Mozilla/5.0 (compatible; DotBot/1.1; http://www.opensiteexplorer.org/dotbot, help@moz.com)" 0.001 0.001 .
141.8.142.131 - - [05/Dec/2018:00:11:02 +0000] "GET /topics/3574/show_wechat HTTP/1.1" 200 860 "-" "Mozilla/5.0 (compatible; YandexBot/3.0; +http://yandex.com/bots)" 0.015 0.015 .
141.8.142.131 - - [05/Dec/2018:00:11:03 +0000] "GET /topics/13241 HTTP/1.1" 200 7595 "-" "Mozilla/5.0 (compatible; YandexBot/3.0; +http://yandex.com/bots)" 0.101 0.101 .
216.244.66.241 - - [05/Dec/2018:00:11:05 +0000] "GET /gloria0610/replies?locale=en HTTP/1.1" 301 5 "-" "Mozilla/5.0 (compatible; DotBot/1.1; http://www.opensiteexplorer.org/dotbot, help@moz.com)" 0.001 0.001 .
216.244.66.241 - - [05/Dec/2018:00:11:05 +0000] "GET /gongkai50?locale=en HTTP/1.1" 301 5 "-" "Mozilla/5.0 (compatible; DotBot/1.1; http://www.opensiteexplorer.org/dotbot, help@moz.com)" 0.002 0.002 .
216.244.66.241 - - [05/Dec/2018:00:11:06 +0000] "GET /gri/topics HTTP/1.1" 301 5 "-" "Mozilla/5.0 (compatible; DotBot/1.1; http://www.opensiteexplorer.org/dotbot, help@moz.com)" 0.001 0.001 .
216.244.66.241 - - [05/Dec/2018:00:10:52 +0000] "GET /XJinG HTTP/1.1" 301 5 "-" "Mozilla/5.0 (compatible; DotBot/1.1; http://www.opensiteexplorer.org/dotbot, help@moz.com)" 0.000 0.000 .
216.244.66.241 - - [05/Dec/2018:00:10:52 +0000] "GET /Young.zhang HTTP/1.1" 301 5 "-" "Mozilla/5.0 (compatible; DotBot/1.1; http://www.opensiteexplorer.org/dotbot, help@moz.com)" 0.000 0.000 .
216.244.66.241 - - [05/Dec/2018:00:10:53 +0000] "GET /a123543198/topics?locale=en HTTP/1.1" 301 5 "-" "Mozilla/5.0 (compatible; DotBot/1.1; http://www.opensiteexplorer.org/dotbot, help@moz.com)" 0.001 0.001 .
216.244.66.241 - - [05/Dec/2018:00:11:07 +0000] "GET /hagyao520?locale=zh-TW HTTP/1.1" 301 5 "-" "Mozilla/5.0 (compatible; DotBot/1.1; http://www.opensiteexplorer.org/dotbot, help@moz.com)" 0.001 0.001 .
216.244.66.241 - - [05/Dec/2018:00:11:07 +0000] "GET /harsayer?locale=zh-TW HTTP/1.1" 301 5 "-" "Mozilla/5.0 (compatible; DotBot/1.1; http://www.opensiteexplorer.org/dotbot, help@moz.com)" 0.000 0.000 .
216.244.66.241 - - [05/Dec/2018:00:11:07 +0000] "GET /hexieshangwang?locale=en HTTP/1.1" 301 5 "-" "Mozilla/5.0 (compatible; DotBot/1.1; http://www.opensiteexplorer.org/dotbot, help@moz.com)" 0.002 0.002 .
144.76.81.72 - - [05/Dec/2018:00:11:08 +0000] "GET / HTTP/1.1" 200 10095 "-" "Mozilla/5.0 (compatible; MJ12bot/v1.4.8; http://mj12bot.com/)" 0.065 0.065 .
216.244.66.241 - - [05/Dec/2018:00:11:08 +0000] "GET /honghd520/followers HTTP/1.1" 301 5 "-" "Mozilla/5.0 (compatible; DotBot/1.1; http://www.opensiteexplorer.org/dotbot, help@moz.com)" 0.001 0.001 .
123.125.71.100 - - [05/Dec/2018:00:11:03 +0000] "GET /topics/14832 HTTP/1.1" 200 11997 "-" "Mozilla/5.0 (Linux;u;Android 4.2.2;zh-cn;) AppleWebKit/534.46 (KHTML,like Gecko) Version/5.1 Mobile Safari/10600.6.3 (compatible; Baiduspider/2.0; +http://www.baidu.com/search/spider.html)" 0.026 0.026 .
115.236.50.18 - - [05/Dec/2018:00:11:03 +0000] "GET /cable HTTP/1.1" 404 45 "-" "Mozilla/5.0 (Windows NT 6.1; WOW64) AppleWebKit/537.36 (KHTML, like Gecko) Chrome/70.0.3538.110 Safari/537.36" 0.003 0.003 .
216.244.66.241 - - [05/Dec/2018:00:11:03 +0000] "GET /felixtest/followers HTTP/1.1" 301 5 "-" "Mozilla/5.0 (compatible; DotBot/1.1; http://www.opensiteexplorer.org/dotbot, help@moz.com)" 0.001 0.001 .
216.244.66.241 - - [05/Dec/2018:00:11:08 +0000] "GET /huwangtao123 HTTP/1.1" 301 5 "-" "Mozilla/5.0 (compatible; DotBot/1.1; http://www.opensiteexplorer.org/dotbot, help@moz.com)" 0.001 0.001 .
216.244.66.241 - - [05/Dec/2018:00:10:53 +0000] "GET /ake HTTP/1.1" 301 5 "-" "Mozilla/5.0 (compatible; DotBot/1.1; http://www.opensiteexplorer.org/dotbot, help@moz.com)" 0.000 0.000 .
216.244.66.241 - - [05/Dec/2018:00:10:54 +0000] "GET /alisa888 HTTP/1.1" 301 5 "-" "Mozilla/5.0 (compatible; DotBot/1.1; http://www.opensiteexplorer.org/dotbot, help@moz.com)" 0.001 0.001 .
216.244.66.241 - - [05/Dec/2018:00:10:54 +0000] "GET /bailin/favorites HTTP/1.1" 301 5 "-" "Mozilla/5.0 (compatible; DotBot/1.1; http://www.opensiteexplorer.org/dotbot, help@moz.com)" 0.001 0.001 .
216.244.66.241 - - [05/Dec/2018:00:11:00 +0000] "GET /cxy0143/following HTTP/1.1" 301 5 "-" "Mozilla/5.0 (compatible; DotBot/1.1; http://www.opensiteexplorer.org/dotbot, help@moz.com)" 0.001 0.001 .
216.244.66.241 - - [05/Dec/2018:00:11:09 +0000] "GET /jhwhale?locale=en HTTP/1.1" 301 5 "-" "Mozilla/5.0 (compatible; DotBot/1.1; http://www.opensiteexplorer.org/dotbot, help@moz.com)" 0.001 0.001 .
216.244.66.241 - - [05/Dec/2018:00:11:08 +0000] "GET /hyyyy HTTP/1.1" 301 5 "-" "Mozilla/5.0 (compatible; DotBot/1.1; http://www.opensiteexplorer.org/dotbot, help@moz.com)" 0.002 0.002 .
139.180.132.174 - - [05/Dec/2018:00:11:09 +0000] "GET /www.sql HTTP/1.1" 404 1264 "-" "Mozilla/5.0 (Macintosh; Intel Mac OS X 10_12_3) AppleWebKit/537.36 (KHTML, like Gecko) Chrome/56.0.2924.87 Safari/537.36" 0.008 0.008 .
216.244.66.241 - - [05/Dec/2018:00:11:09 +0000] "GET /jamesparagon?locale=zh-CN HTTP/1.1" 301 5 "-" "Mozilla/5.0 (compatible; DotBot/1.1; http://www.opensiteexplorer.org/dotbot, help@moz.com)" 0.000 0.000 .
220.181.108.183 - - [05/Dec/2018:00:11:09 +0000] "GET /wei123456/columns HTTP/1.1" 200 12202 "-" "Mozilla/5.0 (compatible; Baiduspider/2.0; +http://www.baidu.com/search/spider.html)" 0.026 0.026 .
121.8.148.106 - - [05/Dec/2018:00:10:59 +0000] "GET /cable HTTP/1.1" 101 20 "-" "Mozilla/5.0 (Macintosh; Intel Mac OS X 10_12_6) AppleWebKit/537.36 (KHTML, like Gecko) Chrome/69.0.3497.100 Safari/537.36" 0.031 0.031 .
216.244.66.241 - - [05/Dec/2018:00:10:59 +0000] "GET /cloudhuan/replies HTTP/1.1" 301 5 "-" "Mozilla/5.0 (compatible; DotBot/1.1; http://www.opensiteexplorer.org/dotbot, help@moz.com)" 0.001 0.001 .
220.181.108.144 - - [05/Dec/2018:00:11:08 +0000] "GET /iio/following HTTP/1.1" 200 11928 "-" "Mozilla/5.0 (compatible; Baiduspider/2.0; +http://www.baidu.com/search/spider.html)" 0.029 0.029 .
216.244.66.241 - - [05/Dec/2018:00:11:12 +0000] "GET /july/topics HTTP/1.1" 301 5 "-" "Mozilla/5.0 (compatible; DotBot/1.1; http://www.opensiteexplorer.org/dotbot, help@moz.com)" 0.001 0.001 .
216.244.66.241 - - [05/Dec/2018:00:11:13 +0000] "GET /jurryfu?locale=en HTTP/1.1" 301 5 "-" "Mozilla/5.0 (compatible; DotBot/1.1; http://www.opensiteexplorer.org/dotbot, help@moz.com)" 0.001 0.001 .
216.244.66.241 - - [05/Dec/2018:00:11:13 +0000] "GET /justin_dragon HTTP/1.1" 301 5 "-" "Mozilla/5.0 (compatible; DotBot/1.1; http://www.opensiteexplorer.org/dotbot, help@moz.com)" 0.002 0.002 .
216.244.66.241 - - [05/Dec/2018:00:11:13 +0000] "GET /keita999/replies HTTP/1.1" 301 5 "-" "Mozilla/5.0 (compatible; DotBot/1.1; http://www.opensiteexplorer.org/dotbot, help@moz.com)" 0.000 0.000 .
216.244.66.241 - - [05/Dec/2018:00:11:06 +0000] "GET /gundamsing?locale=zh-TW HTTP/1.1" 301 5 "-" "Mozilla/5.0 (compatible; DotBot/1.1; http://www.opensiteexplorer.org/dotbot, help@moz.com)" 0.001 0.001 .
54.36.148.33 - - [05/Dec/2018:00:11:06 +0000] "GET /anonymous/replies?page=43 HTTP/1.1" 200 8704 "-" "Mozilla/5.0 (compatible; AhrefsBot/5.2; +http://ahrefs.com/robot/)" 0.157 0.157 .
141.8.142.131 - - [05/Dec/2018:00:11:06 +0000] "GET /wangjie5633/columns HTTP/1.1" 200 4101 "-" "Mozilla/5.0 (compatible; YandexBot/3.0; +http://yandex.com/bots)" 0.079 0.079 .
141.8.142.131 - - [05/Dec/2018:00:11:08 +0000] "GET /websky/replies HTTP/1.1" 200 9638 "-" "Mozilla/5.0 (compatible; YandexBot/3.0; +http://yandex.com/bots)" 0.084 0.084 .
216.244.66.241 - - [05/Dec/2018:00:11:10 +0000] "GET /jicheng1014 HTTP/1.1" 301 5 "-" "Mozilla/5.0 (compatible; DotBot/1.1; http://www.opensiteexplorer.org/dotbot, help@moz.com)" 0.000 0.000 .
216.244.66.241 - - [05/Dec/2018:00:11:10 +0000] "GET /jin090/followers HTTP/1.1" 301 5 "-" "Mozilla/5.0 (compatible; DotBot/1.1; http://www.opensiteexplorer.org/dotbot, help@moz.com)" 0.001 0.001 .
216.244.66.241 - - [05/Dec/2018:00:11:10 +0000] "GET /jira/replies HTTP/1.1" 301 5 "-" "Mozilla/5.0 (compatible; DotBot/1.1; http://www.opensiteexplorer.org/dotbot, help@moz.com)" 0.000 0.000 .
216.244.66.241 - - [05/Dec/2018:00:11:14 +0000] "GET /kuailelei?locale=zh-TW HTTP/1.1" 301 5 "-" "Mozilla/5.0 (compatible; DotBot/1.1; http://www.opensiteexplorer.org/dotbot, help@moz.com)" 0.001 0.001 .
216.244.66.241 - - [05/Dec/2018:00:11:14 +0000] "GET /kuki_sini/replies HTTP/1.1" 301 5 "-" "Mozilla/5.0 (compatible; DotBot/1.1; http://www.opensiteexplorer.org/dotbot, help@moz.com)" 0.001 0.001 .
216.244.66.241 - - [05/Dec/2018:00:11:14 +0000] "GET /l_smile HTTP/1.1" 301 5 "-" "Mozilla/5.0 (compatible; DotBot/1.1; http://www.opensiteexplorer.org/dotbot, help@moz.com)" 0.000 0.000 .
216.244.66.241 - - [05/Dec/2018:00:11:09 +0000] "GET /jerrylizilong?locale=zh-TW HTTP/1.1" 301 5 "-" "Mozilla/5.0 (compatible; DotBot/1.1; http://www.opensiteexplorer.org/dotbot, help@moz.com)" 0.110 0.110 .
216.244.66.241 - - [05/Dec/2018:00:11:11 +0000] "GET /jizyy/followers?locale=en HTTP/1.1" 301 5 "-" "Mozilla/5.0 (compatible; DotBot/1.1; http://www.opensiteexplorer.org/dotbot, help@moz.com)" 0.002 0.002 .
216.244.66.241 - - [05/Dec/2018:00:11:11 +0000] "GET /joyyang/topics HTTP/1.1" 301 5 "-" "Mozilla/5.0 (compatible; DotBot/1.1; http://www.opensiteexplorer.org/dotbot, help@moz.com)" 0.001 0.001 .
144.76.81.72 - - [05/Dec/2018:00:11:12 +0000] "GET /topics/6027/replies/52991/edit HTTP/1.1" 302 104 "-" "Mozilla/5.0 (compatible; MJ12bot/v1.4.8; http://mj12bot.com/)" 0.009 0.009 .
216.244.66.241 - - [05/Dec/2018:00:11:16 +0000] "GET /lele HTTP/1.1" 301 5 "-" "Mozilla/5.0 (compatible; DotBot/1.1; http://www.opensiteexplorer.org/dotbot, help@moz.com)" 0.002 0.002 .
216.244.66.241 - - [05/Dec/2018:00:11:16 +0000] "GET /lhbwolf?locale=zh-TW HTTP/1.1" 301 5 "-" "Mozilla/5.0 (compatible; DotBot/1.1; http://www.opensiteexplorer.org/dotbot, help@moz.com)" 0.001 0.001 .
216.244.66.241 - - [05/Dec/2018:00:11:16 +0000] "GET /like-Test/following HTTP/1.1" 301 5 "-" "Mozilla/5.0 (compatible; DotBot/1.1; http://www.opensiteexplorer.org/dotbot, help@moz.com)" 0.001 0.001 .
40.77.167.60 - - [05/Dec/2018:00:11:16 +0000] "GET /topics/5746/replies/67101/reply_suggest HTTP/1.1" 404 3529 "-" "Mozilla/5.0 (compatible; bingbot/2.0; +http://www.bing.com/bingbot.htm)" 0.012 0.012 .
220.181.108.112 - - [05/Dec/2018:00:11:16 +0000] "GET /topics/9837 HTTP/1.1" 200 21914 "-" "Mozilla/5.0 (Linux;u;Android 4.2.2;zh-cn;) AppleWebKit/534.46 (KHTML,like Gecko) Version/5.1 Mobile Safari/10600.6.3 (compatible; Baiduspider/2.0; +http://www.baidu.com/search/spider.html)" 0.077 0.077 .
216.244.66.241 - - [05/Dec/2018:00:11:16 +0000] "GET /linkxu1989?locale=zh-TW HTTP/1.1" 301 5 "-" "Mozilla/5.0 (compatible; DotBot/1.1; http://www.opensiteexplorer.org/dotbot, help@moz.com)" 0.000 0.000 .
46.229.168.137 - - [05/Dec/2018:00:11:15 +0000] "GET /topics/1237?order_by=like HTTP/1.1" 200 6830 "-" "Mozilla/5.0 (compatible; SemrushBot/2~bl; +http://www.semrush.com/bot.html)" 0.079 0.079 .
216.244.66.241 - - [05/Dec/2018:00:11:15 +0000] "GET /lanlan2017/topics?locale=zh-CN HTTP/1.1" 301 5 "-" "Mozilla/5.0 (compatible; DotBot/1.1; http://www.opensiteexplorer.org/dotbot, help@moz.com)" 0.001 0.001 .
216.244.66.241 - - [05/Dec/2018:00:11:15 +0000] "GET /lanyou315/replies HTTP/1.1" 301 5 "-" "Mozilla/5.0 (compatible; DotBot/1.1; http://www.opensiteexplorer.org/dotbot, help@moz.com)" 0.001 0.001 .
93.108.174.60 - - [05/Dec/2018:00:11:15 +0000] "GET /cable HTTP/1.1" 404 45 "-" "Mozilla/5.0 (Macintosh; Intel Mac OS X 10.14; rv:63.0) Gecko/20100101 Firefox/63.0" 0.014 0.014 .
220.243.136.59 - - [05/Dec/2018:00:11:05 +0000] "GET /topics HTTP/1.1" 200 16595 "-" "Mozilla/5.0 (Macintosh; Intel Mac OS X 10_14_0) AppleWebKit/537.36 (KHTML, like Gecko) Chrome/51.0.8670.694 Safari/537.36" 0.076 0.076 .
46.229.168.141 - - [05/Dec/2018:00:11:05 +0000] "GET /topics/6090/show_wechat HTTP/1.1" 200 3179 "-" "Mozilla/5.0 (compatible; SemrushBot/2~bl; +http://www.semrush.com/bot.html)" 0.090 0.090 .
136.243.151.90 - - [05/Dec/2018:00:11:07 +0000] "GET /topics/16775 HTTP/1.1" 200 7888 "-" "Mozilla/5.0 (compatible; BLEXBot/1.0; +http://webmeup-crawler.com/)" 0.098 0.098 .
216.244.66.241 - - [05/Dec/2018:00:11:09 +0000] "GET /jbxyk HTTP/1.1" 301 5 "-" "Mozilla/5.0 (compatible; DotBot/1.1; http://www.opensiteexplorer.org/dotbot, help@moz.com)" 0.001 0.001 .
136.243.151.90 - - [05/Dec/2018:00:11:11 +0000] "GET /topics/16776 HTTP/1.1" 200 6081 "-" "Mozilla/5.0 (compatible; BLEXBot/1.0; +http://webmeup-crawler.com/)" 0.057 0.057 .
216.244.66.241 - - [05/Dec/2018:00:11:17 +0000] "GET /liu HTTP/1.1" 301 5 "-" "Mozilla/5.0 (compatible; DotBot/1.1; http://www.opensiteexplorer.org/dotbot, help@moz.com)" 0.002 0.002 .
216.244.66.241 - - [05/Dec/2018:00:11:17 +0000] "GET /liu1993/replies?locale=zh-CN HTTP/1.1" 301 5 "-" "Mozilla/5.0 (compatible; DotBot/1.1; http://www.opensiteexplorer.org/dotbot, help@moz.com)" 0.000 0.000 .
216.244.66.241 - - [05/Dec/2018:00:11:18 +0000] "GET /liubaoping68 HTTP/1.1" 301 5 "-" "Mozilla/5.0 (compatible; DotBot/1.1; http://www.opensiteexplorer.org/dotbot, help@moz.com)" 0.001 0.001 .
216.244.66.241 - - [05/Dec/2018:00:11:18 +0000] "GET /liuxiaohai526 HTTP/1.1" 301 5 "-" "Mozilla/5.0 (compatible; DotBot/1.1; http://www.opensiteexplorer.org/dotbot, help@moz.com)" 0.001 0.001 .
216.244.66.241 - - [05/Dec/2018:00:11:14 +0000] "GET /kittyli?locale=zh-TW HTTP/1.1" 301 5 "-" "Mozilla/5.0 (compatible; DotBot/1.1; http://www.opensiteexplorer.org/dotbot, help@moz.com)" 0.001 0.001 .
54.36.149.31 - - [05/Dec/2018:00:11:14 +0000] "GET /wenkaichou/replies HTTP/1.1" 200 6239 "-" "Mozilla/5.0 (compatible; AhrefsBot/5.2; +http://ahrefs.com/robot/)" 0.119 0.119 .
216.244.66.241 - - [05/Dec/2018:00:11:18 +0000] "GET /loadar/favorites HTTP/1.1" 301 5 "-" "Mozilla/5.0 (compatible; DotBot/1.1; http://www.opensiteexplorer.org/dotbot, help@moz.com)" 0.001 0.001 .
216.244.66.241 - - [05/Dec/2018:00:11:18 +0000] "GET /lixmyr HTTP/1.1" 301 5 "-" "Mozilla/5.0 (compatible; DotBot/1.1; http://www.opensiteexplorer.org/dotbot, help@moz.com)" 0.113 0.113 .
216.244.66.241 - - [05/Dec/2018:00:11:19 +0000] "GET /lpsuper HTTP/1.1" 301 5 "-" "Mozilla/5.0 (compatible; DotBot/1.1; http://www.opensiteexplorer.org/dotbot, help@moz.com)" 0.003 0.003 .
216.244.66.241 - - [05/Dec/2018:00:11:20 +0000] "GET /lucasluo/followers HTTP/1.1" 301 5 "-" "Mozilla/5.0 (compatible; DotBot/1.1; http://www.opensiteexplorer.org/dotbot, help@moz.com)" 0.001 0.001 .
141.8.142.131 - - [05/Dec/2018:00:11:13 +0000] "GET /caihong HTTP/1.1" 200 4590 "-" "Mozilla/5.0 (compatible; YandexBot/3.0; +http://yandex.com/bots)" 0.037 0.037 .
216.244.66.241 - - [05/Dec/2018:00:11:20 +0000] "GET /luckystaff HTTP/1.1" 301 5 "-" "Mozilla/5.0 (compatible; DotBot/1.1; http://www.opensiteexplorer.org/dotbot, help@moz.com)" 0.000 0.000 .
123.125.67.210 - - [05/Dec/2018:00:11:20 +0000] "GET /topics/16964 HTTP/1.1" 200 31847 "-" "Mozilla/5.0 (iPhone; CPU iPhone OS 9_1 like Mac OS X) AppleWebKit/601.1.46 (KHTML, like Gecko) Version/9.0 Mobile/13B143 Safari/601.1" 0.095 0.095 .
46.229.168.135 - - [05/Dec/2018:00:11:21 +0000] "GET /_wang/followers?locale=en HTTP/1.1" 200 4053 "-" "Mozilla/5.0 (compatible; SemrushBot/2~bl; +http://www.semrush.com/bot.html)" 0.029 0.029 .
216.244.66.241 - - [05/Dec/2018:00:11:19 +0000] "GET /longjx/followers HTTP/1.1" 301 5 "-" "Mozilla/5.0 (compatible; DotBot/1.1; http://www.opensiteexplorer.org/dotbot, help@moz.com)" 0.000 0.000 .
139.180.132.174 - - [05/Dec/2018:00:11:19 +0000] "GET /www.tar.tgz HTTP/1.1" 404 1264 "-" "Mozilla/5.0 (Macintosh; Intel Mac OS X 10_12_3) AppleWebKit/537.36 (KHTML, like Gecko) Chrome/56.0.2924.87 Safari/537.36" 0.011 0.011 .
40.77.167.1 - - [05/Dec/2018:00:11:20 +0000] "GET /topics/4257/replies/34452/reply_suggest HTTP/1.1" 404 3533 "-" "Mozilla/5.0 (compatible; bingbot/2.0; +http://www.bing.com/bingbot.htm)" 0.013 0.013 .
54.36.148.203 - - [05/Dec/2018:00:11:20 +0000] "GET /infy001/replies HTTP/1.1" 200 6217 "-" "Mozilla/5.0 (compatible; AhrefsBot/5.2; +http://ahrefs.com/robot/)" 0.107 0.107 .
216.244.66.241 - - [05/Dec/2018:00:11:06 +0000] "GET /guoweijie HTTP/1.1" 301 5 "-" "Mozilla/5.0 (compatible; DotBot/1.1; http://www.opensiteexplorer.org/dotbot, help@moz.com)" 0.002 0.002 .
216.244.66.241 - - [05/Dec/2018:00:11:21 +0000] "GET /luweicheng2009?locale=zh-CN HTTP/1.1" 301 5 "-" "Mozilla/5.0 (compatible; DotBot/1.1; http://www.opensiteexplorer.org/dotbot, help@moz.com)" 0.001 0.001 .
